<?xml version="1.0" encoding="UTF-8"?>
<TestRun id="378a6e38-dda9-4750-a979-3e347f3f326e" name="fora@DELL 2015-08-18 02:46:48" runUser="dell\fora" xmlns="http://microsoft.com/schemas/VisualStudio/TeamTest/2010">
  <TestSettings name="Local" id="ae7f9b34-cdf6-4f5e-886b-aeb8da462ab8">
    <Description>These are default test settings for a local test run.</Description>
    <Deployment enabled="false" runDeploymentRoot="fora_DELL 2015-08-18 02_46_48">
      <DeploymentItem filename="B:\студия\Курсы C#\Task4\Data\Contacts\Contacts\Contacts\bin\Debug\Contacts.exe" />
    </Deployment>
    <Execution>
      <TestTypeSpecific />
      <AgentRule name="Execution Agents">
      </AgentRule>
    </Execution>
  </TestSettings>
  <Times creation="2015-08-18T02:46:48.1720697+06:00" queuing="2015-08-18T02:46:49.2101333+06:00" start="2015-08-18T02:46:49.3322173+06:00" finish="2015-08-18T02:46:54.8775126+06:00" />
  <ResultSummary outcome="Completed">
    <Counters total="1" executed="1" passed="1" error="0" failed="0" timeout="0" aborted="0" inconclusive="0" passedButRunAborted="0" notRunnable="0" notExecuted="0" disconnected="0" warning="0" completed="0" inProgress="0" pending="0" />
  </ResultSummary>
  <TestDefinitions>
    <UnitTest name="CompareToTest_CheckException" storage="b:\студия\курсы c#\task4\data\contacts\contacts\unittest\bin\debug\unittest.dll" id="b44bf94d-e61d-3577-c93d-9a061e5b603c">
      <Execution id="bb8c6e41-3e9b-4e2e-a647-a82a3cb7de14" />
      <TestMethod codeBase="B:/студия/Курсы C#/Task4/Data/Contacts/Contacts/Unittest/bin/Debug/Unittest.DLL" adapterTypeName="Microsoft.VisualStudio.TestTools.TestTypes.Unit.UnitTestAdapter, Microsoft.VisualStudio.QualityTools.Tips.UnitTest.Adapter, Version=10.0.0.0, Culture=neutral, PublicKeyToken=b03f5f7f11d50a3a" className="Unittest.CardTest, Unittest, Version=1.0.0.0, Culture=neutral, PublicKeyToken=null" name="CompareToTest_CheckException" />
    </UnitTest>
  </TestDefinitions>
  <TestLists>
    <TestList name="Results Not in a List" id="8c84fa94-04c1-424b-9868-57a2d4851a1d" />
    <TestList name="All Loaded Results" id="19431567-8539-422a-85d7-44ee4e166bda" />
  </TestLists>
  <TestEntries>
    <TestEntry testId="b44bf94d-e61d-3577-c93d-9a061e5b603c" executionId="bb8c6e41-3e9b-4e2e-a647-a82a3cb7de14" testListId="8c84fa94-04c1-424b-9868-57a2d4851a1d" />
  </TestEntries>
  <Results>
    <UnitTestResult executionId="bb8c6e41-3e9b-4e2e-a647-a82a3cb7de14" testId="b44bf94d-e61d-3577-c93d-9a061e5b603c" testName="CompareToTest_CheckException" computerName="DELL" duration="00:00:04.5506676" startTime="2015-08-18T02:46:49.4232840+06:00" endTime="2015-08-18T02:46:54.7482805+06:00" testType="13cdc9d9-ddb5-4fa4-a97d-d965ccfc6d4b" outcome="Passed" testListId="8c84fa94-04c1-424b-9868-57a2d4851a1d" relativeResultsDirectory="bb8c6e41-3e9b-4e2e-a647-a82a3cb7de14">
    </UnitTestResult>
  </Results>
</TestRun>