<?xml version="1.0" encoding="UTF-8"?>
<TestRun id="2b9a5029-c76e-4ea8-bf67-6211d4ed5f3f" name="fora@DELL 2015-08-21 07:58:23" runUser="dell\fora" xmlns="http://microsoft.com/schemas/VisualStudio/TeamTest/2010">
  <TestSettings name="Local" id="ae7f9b34-cdf6-4f5e-886b-aeb8da462ab8">
    <Description>These are default test settings for a local test run.</Description>
    <Deployment enabled="false" runDeploymentRoot="fora_DELL 2015-08-21 07_58_23">
      <DeploymentItem filename="B:\студия\Курсы C#\Task4\Data\Contacts\Contacts\Contacts\bin\Debug\Contacts.exe" />
    </Deployment>
    <Execution>
      <TestTypeSpecific />
      <AgentRule name="Execution Agents">
      </AgentRule>
    </Execution>
  </TestSettings>
  <Times creation="2015-08-21T07:58:23.4773863+06:00" queuing="2015-08-21T07:58:27.2032535+06:00" start="2015-08-21T07:58:27.5908792+06:00" finish="2015-08-21T07:58:35.1172794+06:00" />
  <ResultSummary outcome="Error">
    <Counters total="30" error="0" failed="0" timeout="0" aborted="0" inconclusive="0" passedButRunAborted="0" notRunnable="0" notExecuted="29" disconnected="0" warning="0" passed="0" completed="0" inProgress="0" pending="0" />
    <RunInfos>
      <RunInfo computerName="DELL" outcome="Error" timestamp="2015-08-21T07:58:35.1142762+06:00">
        <Text>Test host process exited unexpectedly.</Text>
      </RunInfo>
    </RunInfos>
  </ResultSummary>
  <TestDefinitions>
    <UnitTest name="AddTelephoneContactToCardTest" storage="b:\студия\курсы c#\task4\data\contacts\contacts\unittest\bin\debug\unittest.dll" id="2ef7844d-340b-4036-2692-f9e6b47ceec5">
      <Execution id="d6d82ae6-de32-4483-8782-7e6cd7be512d" />
      <TestMethod codeBase="B:/студия/Курсы C#/Task4/Data/Contacts/Contacts/Unittest/bin/Debug/Unittest.DLL" adapterTypeName="Microsoft.VisualStudio.TestTools.TestTypes.Unit.UnitTestAdapter, Microsoft.VisualStudio.QualityTools.Tips.UnitTest.Adapter, Version=10.0.0.0, Culture=neutral, PublicKeyToken=b03f5f7f11d50a3a" className="Unittest.CardTest, Unittest, Version=1.0.0.0, Culture=neutral, PublicKeyToken=null" name="AddTelephoneContactToCardTest" />
    </UnitTest>
    <UnitTest name="ChangeCardSynCodeTest_CheckSynCodeIsZeroException" storage="b:\студия\курсы c#\task4\data\contacts\contacts\unittest\bin\debug\unittest.dll" id="dfd0ef85-908a-c826-bb07-b9eeaba81ceb">
      <Execution id="5a6a0ea5-ce6e-471a-ab44-ff8ff28571a7" />
      <TestMethod codeBase="B:/студия/Курсы C#/Task4/Data/Contacts/Contacts/Unittest/bin/Debug/Unittest.DLL" adapterTypeName="Microsoft.VisualStudio.TestTools.TestTypes.Unit.UnitTestAdapter, Microsoft.VisualStudio.QualityTools.Tips.UnitTest.Adapter, Version=10.0.0.0, Culture=neutral, PublicKeyToken=b03f5f7f11d50a3a" className="Unittest.CardTest, Unittest, Version=1.0.0.0, Culture=neutral, PublicKeyToken=null" name="ChangeCardSynCodeTest_CheckSynCodeIsZeroException" />
    </UnitTest>
    <UnitTest name="ChangeCardSynCodeTest_CheckSynCodeIsNegativeException" storage="b:\студия\курсы c#\task4\data\contacts\contacts\unittest\bin\debug\unittest.dll" id="19074d93-ae85-cada-5799-e2c8a2c8421c">
      <Execution id="c4af2275-16ad-4a1e-b907-f3bf87ce7f31" />
      <TestMethod codeBase="B:/студия/Курсы C#/Task4/Data/Contacts/Contacts/Unittest/bin/Debug/Unittest.DLL" adapterTypeName="Microsoft.VisualStudio.TestTools.TestTypes.Unit.UnitTestAdapter, Microsoft.VisualStudio.QualityTools.Tips.UnitTest.Adapter, Version=10.0.0.0, Culture=neutral, PublicKeyToken=b03f5f7f11d50a3a" className="Unittest.CardTest, Unittest, Version=1.0.0.0, Culture=neutral, PublicKeyToken=null" name="ChangeCardSynCodeTest_CheckSynCodeIsNegativeException" />
    </UnitTest>
    <UnitTest name="MailConstructorTest" storage="b:\студия\курсы c#\task4\data\contacts\contacts\unittest\bin\debug\unittest.dll" id="3c3d88f7-73e4-7d94-267a-40d72833f51f">
      <Execution id="ff1d6e59-a874-4a89-950e-5a236e0a154c" />
      <TestMethod codeBase="B:/студия/Курсы C#/Task4/Data/Contacts/Contacts/Unittest/bin/Debug/Unittest.DLL" adapterTypeName="Microsoft.VisualStudio.TestTools.TestTypes.Unit.UnitTestAdapter, Microsoft.VisualStudio.QualityTools.Tips.UnitTest.Adapter, Version=10.0.0.0, Culture=neutral, PublicKeyToken=b03f5f7f11d50a3a" className="Unittest.MailTest, Unittest, Version=1.0.0.0, Culture=neutral, PublicKeyToken=null" name="MailConstructorTest" />
    </UnitTest>
    <UnitTest name="ChangeCardNameTest_CheckNameEmptyException" storage="b:\студия\курсы c#\task4\data\contacts\contacts\unittest\bin\debug\unittest.dll" id="bb9dd28b-c4c3-c7d7-57b9-f57164bc92e2">
      <Execution id="4bd57740-2069-4692-b715-8c1f7f8dc630" />
      <TestMethod codeBase="B:/студия/Курсы C#/Task4/Data/Contacts/Contacts/Unittest/bin/Debug/Unittest.DLL" adapterTypeName="Microsoft.VisualStudio.TestTools.TestTypes.Unit.UnitTestAdapter, Microsoft.VisualStudio.QualityTools.Tips.UnitTest.Adapter, Version=10.0.0.0, Culture=neutral, PublicKeyToken=b03f5f7f11d50a3a" className="Unittest.CardTest, Unittest, Version=1.0.0.0, Culture=neutral, PublicKeyToken=null" name="ChangeCardNameTest_CheckNameEmptyException" />
    </UnitTest>
    <UnitTest name="ChangeCardSynCodeTest" storage="b:\студия\курсы c#\task4\data\contacts\contacts\unittest\bin\debug\unittest.dll" id="aa8c2d19-253f-c02b-2e44-942bffdbc258">
      <Execution id="bc4d4526-a00f-48ea-9c2f-6f46440fc4ab" />
      <TestMethod codeBase="B:/студия/Курсы C#/Task4/Data/Contacts/Contacts/Unittest/bin/Debug/Unittest.DLL" adapterTypeName="Microsoft.VisualStudio.TestTools.TestTypes.Unit.UnitTestAdapter, Microsoft.VisualStudio.QualityTools.Tips.UnitTest.Adapter, Version=10.0.0.0, Culture=neutral, PublicKeyToken=b03f5f7f11d50a3a" className="Unittest.CardTest, Unittest, Version=1.0.0.0, Culture=neutral, PublicKeyToken=null" name="ChangeCardSynCodeTest" />
    </UnitTest>
    <UnitTest name="CardConstructorTest_CheckSynCodeIsZeroException" storage="b:\студия\курсы c#\task4\data\contacts\contacts\unittest\bin\debug\unittest.dll" id="5493fc41-1c33-f4a7-4664-27f588b206f2">
      <Execution id="c6d49689-5535-4640-98cf-e1ec85f4fe9d" />
      <TestMethod codeBase="B:/студия/Курсы C#/Task4/Data/Contacts/Contacts/Unittest/bin/Debug/Unittest.DLL" adapterTypeName="Microsoft.VisualStudio.TestTools.TestTypes.Unit.UnitTestAdapter, Microsoft.VisualStudio.QualityTools.Tips.UnitTest.Adapter, Version=10.0.0.0, Culture=neutral, PublicKeyToken=b03f5f7f11d50a3a" className="Unittest.CardTest, Unittest, Version=1.0.0.0, Culture=neutral, PublicKeyToken=null" name="CardConstructorTest_CheckSynCodeIsZeroException" />
    </UnitTest>
    <UnitTest name="ChangeCardNameTest" storage="b:\студия\курсы c#\task4\data\contacts\contacts\unittest\bin\debug\unittest.dll" id="dac65389-413c-ed53-9a9b-90898f461cd3">
      <Execution id="62206aff-eb5b-4339-8367-3b47fd1d0092" />
      <TestMethod codeBase="B:/студия/Курсы C#/Task4/Data/Contacts/Contacts/Unittest/bin/Debug/Unittest.DLL" adapterTypeName="Microsoft.VisualStudio.TestTools.TestTypes.Unit.UnitTestAdapter, Microsoft.VisualStudio.QualityTools.Tips.UnitTest.Adapter, Version=10.0.0.0, Culture=neutral, PublicKeyToken=b03f5f7f11d50a3a" className="Unittest.CardTest, Unittest, Version=1.0.0.0, Culture=neutral, PublicKeyToken=null" name="ChangeCardNameTest" />
    </UnitTest>
    <UnitTest name="CardConstructorTest1" storage="b:\студия\курсы c#\task4\data\contacts\contacts\unittest\bin\debug\unittest.dll" id="af91e490-672f-c1c4-4e48-a1cce844c442">
      <Execution id="5457bebd-22fe-4db5-998e-0bc13e9dd03c" />
      <TestMethod codeBase="B:/студия/Курсы C#/Task4/Data/Contacts/Contacts/Unittest/bin/Debug/Unittest.DLL" adapterTypeName="Microsoft.VisualStudio.TestTools.TestTypes.Unit.UnitTestAdapter, Microsoft.VisualStudio.QualityTools.Tips.UnitTest.Adapter, Version=10.0.0.0, Culture=neutral, PublicKeyToken=b03f5f7f11d50a3a" className="Unittest.CardTest, Unittest, Version=1.0.0.0, Culture=neutral, PublicKeyToken=null" name="CardConstructorTest1" />
    </UnitTest>
    <UnitTest name="ToXmlTest" storage="b:\студия\курсы c#\task4\data\contacts\contacts\unittest\bin\debug\unittest.dll" id="29c6250f-b6cf-4d68-153d-6d3df6695a0e">
      <Execution id="a6b1c564-6d73-46a3-ae1f-4c7657849848" />
      <TestMethod codeBase="B:/студия/Курсы C#/Task4/Data/Contacts/Contacts/Unittest/bin/Debug/Unittest.DLL" adapterTypeName="Microsoft.VisualStudio.TestTools.TestTypes.Unit.UnitTestAdapter, Microsoft.VisualStudio.QualityTools.Tips.UnitTest.Adapter, Version=10.0.0.0, Culture=neutral, PublicKeyToken=b03f5f7f11d50a3a" className="Unittest.CardTest, Unittest, Version=1.0.0.0, Culture=neutral, PublicKeyToken=null" name="ToXmlTest" />
    </UnitTest>
    <UnitTest name="ToStringTest" storage="b:\студия\курсы c#\task4\data\contacts\contacts\unittest\bin\debug\unittest.dll" id="f20412a0-6696-ad3a-87c9-c2928186c749">
      <Execution id="9dab116e-abdb-4385-85fd-a32967fc598e" />
      <TestMethod codeBase="B:/студия/Курсы C#/Task4/Data/Contacts/Contacts/Unittest/bin/Debug/Unittest.DLL" adapterTypeName="Microsoft.VisualStudio.TestTools.TestTypes.Unit.UnitTestAdapter, Microsoft.VisualStudio.QualityTools.Tips.UnitTest.Adapter, Version=10.0.0.0, Culture=neutral, PublicKeyToken=b03f5f7f11d50a3a" className="Unittest.MailTest, Unittest, Version=1.0.0.0, Culture=neutral, PublicKeyToken=null" name="ToStringTest" />
    </UnitTest>
    <UnitTest name="AddMailContactToCardTest" storage="b:\студия\курсы c#\task4\data\contacts\contacts\unittest\bin\debug\unittest.dll" id="209afb1e-649d-c295-b4ea-1e028f1cca87">
      <Execution id="95d2b0f5-a581-4ac0-bd5c-cb0ce0442b83" />
      <TestMethod codeBase="B:/студия/Курсы C#/Task4/Data/Contacts/Contacts/Unittest/bin/Debug/Unittest.DLL" adapterTypeName="Microsoft.VisualStudio.TestTools.TestTypes.Unit.UnitTestAdapter, Microsoft.VisualStudio.QualityTools.Tips.UnitTest.Adapter, Version=10.0.0.0, Culture=neutral, PublicKeyToken=b03f5f7f11d50a3a" className="Unittest.CardTest, Unittest, Version=1.0.0.0, Culture=neutral, PublicKeyToken=null" name="AddMailContactToCardTest" />
    </UnitTest>
    <UnitTest name="TelephoneContactConstructorTest" storage="b:\студия\курсы c#\task4\data\contacts\contacts\unittest\bin\debug\unittest.dll" id="abdbe6a4-fef8-75ed-9b7d-8c59f925758d">
      <Execution id="02dff568-f210-43d2-9920-629fad39fe3a" />
      <TestMethod codeBase="B:/студия/Курсы C#/Task4/Data/Contacts/Contacts/Unittest/bin/Debug/Unittest.DLL" adapterTypeName="Microsoft.VisualStudio.TestTools.TestTypes.Unit.UnitTestAdapter, Microsoft.VisualStudio.QualityTools.Tips.UnitTest.Adapter, Version=10.0.0.0, Culture=neutral, PublicKeyToken=b03f5f7f11d50a3a" className="Unittest.TelephoneContactTest, Unittest, Version=1.0.0.0, Culture=neutral, PublicKeyToken=null" name="TelephoneContactConstructorTest" />
    </UnitTest>
    <UnitTest name="CompareToTest" storage="b:\студия\курсы c#\task4\data\contacts\contacts\unittest\bin\debug\unittest.dll" id="8cbb983b-4c66-5027-a4c7-4c4426f2d1d0">
      <Execution id="e0443fde-ca88-415a-8143-ac2b327fd678" />
      <TestMethod codeBase="B:/студия/Курсы C#/Task4/Data/Contacts/Contacts/Unittest/bin/Debug/Unittest.DLL" adapterTypeName="Microsoft.VisualStudio.TestTools.TestTypes.Unit.UnitTestAdapter, Microsoft.VisualStudio.QualityTools.Tips.UnitTest.Adapter, Version=10.0.0.0, Culture=neutral, PublicKeyToken=b03f5f7f11d50a3a" className="Unittest.TelephoneContactTest, Unittest, Version=1.0.0.0, Culture=neutral, PublicKeyToken=null" name="CompareToTest" />
    </UnitTest>
    <UnitTest name="GetNameByCardTest" storage="b:\студия\курсы c#\task4\data\contacts\contacts\unittest\bin\debug\unittest.dll" id="f7e20a1c-0bec-b371-ae2d-827540d3b83f">
      <Execution id="74ba0d79-a0dd-4dc2-ad70-0bf14560e184" />
      <TestMethod codeBase="B:/студия/Курсы C#/Task4/Data/Contacts/Contacts/Unittest/bin/Debug/Unittest.DLL" adapterTypeName="Microsoft.VisualStudio.TestTools.TestTypes.Unit.UnitTestAdapter, Microsoft.VisualStudio.QualityTools.Tips.UnitTest.Adapter, Version=10.0.0.0, Culture=neutral, PublicKeyToken=b03f5f7f11d50a3a" className="Unittest.CardTest, Unittest, Version=1.0.0.0, Culture=neutral, PublicKeyToken=null" name="GetNameByCardTest" />
    </UnitTest>
    <UnitTest name="CardConstructorTest_CheckNameEmptyException" storage="b:\студия\курсы c#\task4\data\contacts\contacts\unittest\bin\debug\unittest.dll" id="cb35465e-f65e-c08d-4301-04b728801d65">
      <Execution id="866de2f9-ca29-493a-8682-711871ded26a" />
      <TestMethod codeBase="B:/студия/Курсы C#/Task4/Data/Contacts/Contacts/Unittest/bin/Debug/Unittest.DLL" adapterTypeName="Microsoft.VisualStudio.TestTools.TestTypes.Unit.UnitTestAdapter, Microsoft.VisualStudio.QualityTools.Tips.UnitTest.Adapter, Version=10.0.0.0, Culture=neutral, PublicKeyToken=b03f5f7f11d50a3a" className="Unittest.CardTest, Unittest, Version=1.0.0.0, Culture=neutral, PublicKeyToken=null" name="CardConstructorTest_CheckNameEmptyException" />
    </UnitTest>
    <UnitTest name="mailTest" storage="b:\студия\курсы c#\task4\data\contacts\contacts\unittest\bin\debug\unittest.dll" id="6cdb6060-4471-555b-a876-66f0907f57ec">
      <Execution id="43003e9d-bb1d-4e52-aba1-769a1b0404d5" />
      <TestMethod codeBase="B:/студия/Курсы C#/Task4/Data/Contacts/Contacts/Unittest/bin/Debug/Unittest.DLL" adapterTypeName="Microsoft.VisualStudio.TestTools.TestTypes.Unit.UnitTestAdapter, Microsoft.VisualStudio.QualityTools.Tips.UnitTest.Adapter, Version=10.0.0.0, Culture=neutral, PublicKeyToken=b03f5f7f11d50a3a" className="Unittest.MailTest, Unittest, Version=1.0.0.0, Culture=neutral, PublicKeyToken=null" name="mailTest" />
    </UnitTest>
    <UnitTest name="CompareToTest" storage="b:\студия\курсы c#\task4\data\contacts\contacts\unittest\bin\debug\unittest.dll" id="4f132f1b-a465-c6fc-b527-fbe83d7a915a">
      <Execution id="8338c2c8-c20d-4c57-ad82-928d195ae653" />
      <TestMethod codeBase="B:/студия/Курсы C#/Task4/Data/Contacts/Contacts/Unittest/bin/Debug/Unittest.DLL" adapterTypeName="Microsoft.VisualStudio.TestTools.TestTypes.Unit.UnitTestAdapter, Microsoft.VisualStudio.QualityTools.Tips.UnitTest.Adapter, Version=10.0.0.0, Culture=neutral, PublicKeyToken=b03f5f7f11d50a3a" className="Unittest.CardTest, Unittest, Version=1.0.0.0, Culture=neutral, PublicKeyToken=null" name="CompareToTest" />
    </UnitTest>
    <UnitTest name="ZoneCodeTest" storage="b:\студия\курсы c#\task4\data\contacts\contacts\unittest\bin\debug\unittest.dll" id="646b689b-9ab6-1480-5951-b68877edaba9">
      <Execution id="bca1e80f-b842-4eca-bbb1-3fcccaaea0c6" />
      <TestMethod codeBase="B:/студия/Курсы C#/Task4/Data/Contacts/Contacts/Unittest/bin/Debug/Unittest.DLL" adapterTypeName="Microsoft.VisualStudio.TestTools.TestTypes.Unit.UnitTestAdapter, Microsoft.VisualStudio.QualityTools.Tips.UnitTest.Adapter, Version=10.0.0.0, Culture=neutral, PublicKeyToken=b03f5f7f11d50a3a" className="Unittest.TelephoneContactTest, Unittest, Version=1.0.0.0, Culture=neutral, PublicKeyToken=null" name="ZoneCodeTest" />
    </UnitTest>
    <UnitTest name="CloneTest" storage="b:\студия\курсы c#\task4\data\contacts\contacts\unittest\bin\debug\unittest.dll" id="b4a80ccf-c579-4df5-ab24-56af44cae2bb">
      <Execution id="2c36b20e-f2ac-4bd1-ab07-49e781479906" />
      <TestMethod codeBase="B:/студия/Курсы C#/Task4/Data/Contacts/Contacts/Unittest/bin/Debug/Unittest.DLL" adapterTypeName="Microsoft.VisualStudio.TestTools.TestTypes.Unit.UnitTestAdapter, Microsoft.VisualStudio.QualityTools.Tips.UnitTest.Adapter, Version=10.0.0.0, Culture=neutral, PublicKeyToken=b03f5f7f11d50a3a" className="Unittest.CardTest, Unittest, Version=1.0.0.0, Culture=neutral, PublicKeyToken=null" name="CloneTest" />
    </UnitTest>
    <UnitTest name="GetIdByCardTest" storage="b:\студия\курсы c#\task4\data\contacts\contacts\unittest\bin\debug\unittest.dll" id="28a841fd-6a6d-7b86-2117-e2777e7633c6">
      <Execution id="df8616ba-0efe-4fea-89f6-28845797f735" />
      <TestMethod codeBase="B:/студия/Курсы C#/Task4/Data/Contacts/Contacts/Unittest/bin/Debug/Unittest.DLL" adapterTypeName="Microsoft.VisualStudio.TestTools.TestTypes.Unit.UnitTestAdapter, Microsoft.VisualStudio.QualityTools.Tips.UnitTest.Adapter, Version=10.0.0.0, Culture=neutral, PublicKeyToken=b03f5f7f11d50a3a" className="Unittest.CardTest, Unittest, Version=1.0.0.0, Culture=neutral, PublicKeyToken=null" name="GetIdByCardTest" />
    </UnitTest>
    <UnitTest name="ToXmlTest" storage="b:\студия\курсы c#\task4\data\contacts\contacts\unittest\bin\debug\unittest.dll" id="b2b67615-458f-083a-6284-f0b0f21a9276">
      <Execution id="91fc9f5c-7436-4143-af2d-f7c8751aa7db" />
      <TestMethod codeBase="B:/студия/Курсы C#/Task4/Data/Contacts/Contacts/Unittest/bin/Debug/Unittest.DLL" adapterTypeName="Microsoft.VisualStudio.TestTools.TestTypes.Unit.UnitTestAdapter, Microsoft.VisualStudio.QualityTools.Tips.UnitTest.Adapter, Version=10.0.0.0, Culture=neutral, PublicKeyToken=b03f5f7f11d50a3a" className="Unittest.MailTest, Unittest, Version=1.0.0.0, Culture=neutral, PublicKeyToken=null" name="ToXmlTest" />
    </UnitTest>
    <UnitTest name="CardConstructorTest" storage="b:\студия\курсы c#\task4\data\contacts\contacts\unittest\bin\debug\unittest.dll" id="9783d49a-4dee-7cba-5d48-12a02eed8012">
      <Execution id="52bfa9f5-4b2e-4232-a773-c0cd53bdb667" />
      <TestMethod codeBase="B:/студия/Курсы C#/Task4/Data/Contacts/Contacts/Unittest/bin/Debug/Unittest.DLL" adapterTypeName="Microsoft.VisualStudio.TestTools.TestTypes.Unit.UnitTestAdapter, Microsoft.VisualStudio.QualityTools.Tips.UnitTest.Adapter, Version=10.0.0.0, Culture=neutral, PublicKeyToken=b03f5f7f11d50a3a" className="Unittest.CardTest, Unittest, Version=1.0.0.0, Culture=neutral, PublicKeyToken=null" name="CardConstructorTest" />
    </UnitTest>
    <UnitTest name="CompareToTest" storage="b:\студия\курсы c#\task4\data\contacts\contacts\unittest\bin\debug\unittest.dll" id="b1307c0c-4ede-56f8-0a33-79c23a6d1c7e">
      <Execution id="0bd27e88-c97f-420d-80e3-5de907b33c06" />
      <TestMethod codeBase="B:/студия/Курсы C#/Task4/Data/Contacts/Contacts/Unittest/bin/Debug/Unittest.DLL" adapterTypeName="Microsoft.VisualStudio.TestTools.TestTypes.Unit.UnitTestAdapter, Microsoft.VisualStudio.QualityTools.Tips.UnitTest.Adapter, Version=10.0.0.0, Culture=neutral, PublicKeyToken=b03f5f7f11d50a3a" className="Unittest.MailTest, Unittest, Version=1.0.0.0, Culture=neutral, PublicKeyToken=null" name="CompareToTest" />
    </UnitTest>
    <UnitTest name="GetSynCodeByCardTest" storage="b:\студия\курсы c#\task4\data\contacts\contacts\unittest\bin\debug\unittest.dll" id="0fb81736-9d79-20a9-bdc5-c44d06abe806">
      <Execution id="a51772db-5726-46a5-9037-07ad597bfa58" />
      <TestMethod codeBase="B:/студия/Курсы C#/Task4/Data/Contacts/Contacts/Unittest/bin/Debug/Unittest.DLL" adapterTypeName="Microsoft.VisualStudio.TestTools.TestTypes.Unit.UnitTestAdapter, Microsoft.VisualStudio.QualityTools.Tips.UnitTest.Adapter, Version=10.0.0.0, Culture=neutral, PublicKeyToken=b03f5f7f11d50a3a" className="Unittest.CardTest, Unittest, Version=1.0.0.0, Culture=neutral, PublicKeyToken=null" name="GetSynCodeByCardTest" />
    </UnitTest>
    <UnitTest name="ToXmlTest" storage="b:\студия\курсы c#\task4\data\contacts\contacts\unittest\bin\debug\unittest.dll" id="9c504600-96cf-f16b-08e3-921d3b83f3ee">
      <Execution id="ff3b6a6f-c114-4c24-b49a-6e262b4412a9" />
      <TestMethod codeBase="B:/студия/Курсы C#/Task4/Data/Contacts/Contacts/Unittest/bin/Debug/Unittest.DLL" adapterTypeName="Microsoft.VisualStudio.TestTools.TestTypes.Unit.UnitTestAdapter, Microsoft.VisualStudio.QualityTools.Tips.UnitTest.Adapter, Version=10.0.0.0, Culture=neutral, PublicKeyToken=b03f5f7f11d50a3a" className="Unittest.TelephoneContactTest, Unittest, Version=1.0.0.0, Culture=neutral, PublicKeyToken=null" name="ToXmlTest" />
    </UnitTest>
    <UnitTest name="ToStringTest" storage="b:\студия\курсы c#\task4\data\contacts\contacts\unittest\bin\debug\unittest.dll" id="adbd554c-1ab7-4ecb-d6fe-51ee5d2695eb">
      <Execution id="4807aa9f-ed4a-4d61-8cc5-4806e7c0a938" />
      <TestMethod codeBase="B:/студия/Курсы C#/Task4/Data/Contacts/Contacts/Unittest/bin/Debug/Unittest.DLL" adapterTypeName="Microsoft.VisualStudio.TestTools.TestTypes.Unit.UnitTestAdapter, Microsoft.VisualStudio.QualityTools.Tips.UnitTest.Adapter, Version=10.0.0.0, Culture=neutral, PublicKeyToken=b03f5f7f11d50a3a" className="Unittest.TelephoneContactTest, Unittest, Version=1.0.0.0, Culture=neutral, PublicKeyToken=null" name="ToStringTest" />
    </UnitTest>
    <UnitTest name="CardConstructorTest_CheckSynCodeIsNegativeException" storage="b:\студия\курсы c#\task4\data\contacts\contacts\unittest\bin\debug\unittest.dll" id="529a11b0-e73c-df97-6882-34db669d66d0">
      <Execution id="4ecb7fb9-a516-44ea-bf0e-cf9c995c0d51" />
      <TestMethod codeBase="B:/студия/Курсы C#/Task4/Data/Contacts/Contacts/Unittest/bin/Debug/Unittest.DLL" adapterTypeName="Microsoft.VisualStudio.TestTools.TestTypes.Unit.UnitTestAdapter, Microsoft.VisualStudio.QualityTools.Tips.UnitTest.Adapter, Version=10.0.0.0, Culture=neutral, PublicKeyToken=b03f5f7f11d50a3a" className="Unittest.CardTest, Unittest, Version=1.0.0.0, Culture=neutral, PublicKeyToken=null" name="CardConstructorTest_CheckSynCodeIsNegativeException" />
    </UnitTest>
    <UnitTest name="GenerateCardIdTest" storage="b:\студия\курсы c#\task4\data\contacts\contacts\unittest\bin\debug\unittest.dll" id="ae673e3c-53d5-97ec-6965-e23b6710e1ff">
      <Execution id="e175e6a9-ab96-4fb1-8b23-90c531b9ed88" />
      <TestMethod codeBase="B:/студия/Курсы C#/Task4/Data/Contacts/Contacts/Unittest/bin/Debug/Unittest.DLL" adapterTypeName="Microsoft.VisualStudio.TestTools.TestTypes.Unit.UnitTestAdapter, Microsoft.VisualStudio.QualityTools.Tips.UnitTest.Adapter, Version=10.0.0.0, Culture=neutral, PublicKeyToken=b03f5f7f11d50a3a" className="Unittest.CardTest, Unittest, Version=1.0.0.0, Culture=neutral, PublicKeyToken=null" name="GenerateCardIdTest" />
    </UnitTest>
    <UnitTest name="GetProjectNameTest" storage="b:\студия\курсы c#\task4\data\contacts\contacts\unittest\bin\debug\unittest.dll" id="b3aced41-42bc-a370-b416-aea49c419ea1">
      <Execution id="7caa73fd-7656-41e8-a820-2e1472748473" />
      <TestMethod codeBase="B:/студия/Курсы C#/Task4/Data/Contacts/Contacts/Unittest/bin/Debug/Unittest.DLL" adapterTypeName="Microsoft.VisualStudio.TestTools.TestTypes.Unit.UnitTestAdapter, Microsoft.VisualStudio.QualityTools.Tips.UnitTest.Adapter, Version=10.0.0.0, Culture=neutral, PublicKeyToken=b03f5f7f11d50a3a" className="Unittest.CardTest, Unittest, Version=1.0.0.0, Culture=neutral, PublicKeyToken=null" name="GetProjectNameTest" />
    </UnitTest>
  </TestDefinitions>
  <TestLists>
    <TestList name="Results Not in a List" id="8c84fa94-04c1-424b-9868-57a2d4851a1d" />
    <TestList name="All Loaded Results" id="19431567-8539-422a-85d7-44ee4e166bda" />
  </TestLists>
  <TestEntries>
    <TestEntry testId="0fb81736-9d79-20a9-bdc5-c44d06abe806" executionId="a51772db-5726-46a5-9037-07ad597bfa58" testListId="8c84fa94-04c1-424b-9868-57a2d4851a1d" />
    <TestEntry testId="19074d93-ae85-cada-5799-e2c8a2c8421c" executionId="c4af2275-16ad-4a1e-b907-f3bf87ce7f31" testListId="8c84fa94-04c1-424b-9868-57a2d4851a1d" />
    <TestEntry testId="209afb1e-649d-c295-b4ea-1e028f1cca87" executionId="95d2b0f5-a581-4ac0-bd5c-cb0ce0442b83" testListId="8c84fa94-04c1-424b-9868-57a2d4851a1d" />
    <TestEntry testId="28a841fd-6a6d-7b86-2117-e2777e7633c6" executionId="df8616ba-0efe-4fea-89f6-28845797f735" testListId="8c84fa94-04c1-424b-9868-57a2d4851a1d" />
    <TestEntry testId="29c6250f-b6cf-4d68-153d-6d3df6695a0e" executionId="a6b1c564-6d73-46a3-ae1f-4c7657849848" testListId="8c84fa94-04c1-424b-9868-57a2d4851a1d" />
    <TestEntry testId="2ef7844d-340b-4036-2692-f9e6b47ceec5" executionId="d6d82ae6-de32-4483-8782-7e6cd7be512d" testListId="8c84fa94-04c1-424b-9868-57a2d4851a1d" />
    <TestEntry testId="3c3d88f7-73e4-7d94-267a-40d72833f51f" executionId="ff1d6e59-a874-4a89-950e-5a236e0a154c" testListId="8c84fa94-04c1-424b-9868-57a2d4851a1d" />
    <TestEntry testId="4f132f1b-a465-c6fc-b527-fbe83d7a915a" executionId="8338c2c8-c20d-4c57-ad82-928d195ae653" testListId="8c84fa94-04c1-424b-9868-57a2d4851a1d" />
    <TestEntry testId="529a11b0-e73c-df97-6882-34db669d66d0" executionId="4ecb7fb9-a516-44ea-bf0e-cf9c995c0d51" testListId="8c84fa94-04c1-424b-9868-57a2d4851a1d" />
    <TestEntry testId="5493fc41-1c33-f4a7-4664-27f588b206f2" executionId="c6d49689-5535-4640-98cf-e1ec85f4fe9d" testListId="8c84fa94-04c1-424b-9868-57a2d4851a1d" />
    <TestEntry testId="646b689b-9ab6-1480-5951-b68877edaba9" executionId="bca1e80f-b842-4eca-bbb1-3fcccaaea0c6" testListId="8c84fa94-04c1-424b-9868-57a2d4851a1d" />
    <TestEntry testId="6cdb6060-4471-555b-a876-66f0907f57ec" executionId="43003e9d-bb1d-4e52-aba1-769a1b0404d5" testListId="8c84fa94-04c1-424b-9868-57a2d4851a1d" />
    <TestEntry testId="8cbb983b-4c66-5027-a4c7-4c4426f2d1d0" executionId="e0443fde-ca88-415a-8143-ac2b327fd678" testListId="8c84fa94-04c1-424b-9868-57a2d4851a1d" />
    <TestEntry testId="9783d49a-4dee-7cba-5d48-12a02eed8012" executionId="52bfa9f5-4b2e-4232-a773-c0cd53bdb667" testListId="8c84fa94-04c1-424b-9868-57a2d4851a1d" />
    <TestEntry testId="9c504600-96cf-f16b-08e3-921d3b83f3ee" executionId="ff3b6a6f-c114-4c24-b49a-6e262b4412a9" testListId="8c84fa94-04c1-424b-9868-57a2d4851a1d" />
    <TestEntry testId="aa8c2d19-253f-c02b-2e44-942bffdbc258" executionId="bc4d4526-a00f-48ea-9c2f-6f46440fc4ab" testListId="8c84fa94-04c1-424b-9868-57a2d4851a1d" />
    <TestEntry testId="abdbe6a4-fef8-75ed-9b7d-8c59f925758d" executionId="02dff568-f210-43d2-9920-629fad39fe3a" testListId="8c84fa94-04c1-424b-9868-57a2d4851a1d" />
    <TestEntry testId="adbd554c-1ab7-4ecb-d6fe-51ee5d2695eb" executionId="4807aa9f-ed4a-4d61-8cc5-4806e7c0a938" testListId="8c84fa94-04c1-424b-9868-57a2d4851a1d" />
    <TestEntry testId="ae673e3c-53d5-97ec-6965-e23b6710e1ff" executionId="e175e6a9-ab96-4fb1-8b23-90c531b9ed88" testListId="8c84fa94-04c1-424b-9868-57a2d4851a1d" />
    <TestEntry testId="af91e490-672f-c1c4-4e48-a1cce844c442" executionId="5457bebd-22fe-4db5-998e-0bc13e9dd03c" testListId="8c84fa94-04c1-424b-9868-57a2d4851a1d" />
    <TestEntry testId="b1307c0c-4ede-56f8-0a33-79c23a6d1c7e" executionId="0bd27e88-c97f-420d-80e3-5de907b33c06" testListId="8c84fa94-04c1-424b-9868-57a2d4851a1d" />
    <TestEntry testId="b2b67615-458f-083a-6284-f0b0f21a9276" executionId="91fc9f5c-7436-4143-af2d-f7c8751aa7db" testListId="8c84fa94-04c1-424b-9868-57a2d4851a1d" />
    <TestEntry testId="b3aced41-42bc-a370-b416-aea49c419ea1" executionId="7caa73fd-7656-41e8-a820-2e1472748473" testListId="8c84fa94-04c1-424b-9868-57a2d4851a1d" />
    <TestEntry testId="b4a80ccf-c579-4df5-ab24-56af44cae2bb" executionId="2c36b20e-f2ac-4bd1-ab07-49e781479906" testListId="8c84fa94-04c1-424b-9868-57a2d4851a1d" />
    <TestEntry testId="bb9dd28b-c4c3-c7d7-57b9-f57164bc92e2" executionId="4bd57740-2069-4692-b715-8c1f7f8dc630" testListId="8c84fa94-04c1-424b-9868-57a2d4851a1d" />
    <TestEntry testId="cb35465e-f65e-c08d-4301-04b728801d65" executionId="866de2f9-ca29-493a-8682-711871ded26a" testListId="8c84fa94-04c1-424b-9868-57a2d4851a1d" />
    <TestEntry testId="dac65389-413c-ed53-9a9b-90898f461cd3" executionId="62206aff-eb5b-4339-8367-3b47fd1d0092" testListId="8c84fa94-04c1-424b-9868-57a2d4851a1d" />
    <TestEntry testId="dfd0ef85-908a-c826-bb07-b9eeaba81ceb" executionId="5a6a0ea5-ce6e-471a-ab44-ff8ff28571a7" testListId="8c84fa94-04c1-424b-9868-57a2d4851a1d" />
    <TestEntry testId="f20412a0-6696-ad3a-87c9-c2928186c749" executionId="9dab116e-abdb-4385-85fd-a32967fc598e" testListId="8c84fa94-04c1-424b-9868-57a2d4851a1d" />
    <TestEntry testId="f7e20a1c-0bec-b371-ae2d-827540d3b83f" executionId="74ba0d79-a0dd-4dc2-ad70-0bf14560e184" testListId="8c84fa94-04c1-424b-9868-57a2d4851a1d" />
  </TestEntries>
  <Results>
    <UnitTestResult executionId="a51772db-5726-46a5-9037-07ad597bfa58" testId="0fb81736-9d79-20a9-bdc5-c44d06abe806" testName="GetSynCodeByCardTest" computerName="DELL" duration="00:00:00.0731199" startTime="2015-08-21T07:58:27.8202992+06:00" testType="13cdc9d9-ddb5-4fa4-a97d-d965ccfc6d4b" outcome="Passed" testListId="8c84fa94-04c1-424b-9868-57a2d4851a1d" relativeResultsDirectory="a51772db-5726-46a5-9037-07ad597bfa58">
    </UnitTestResult>
    <UnitTestResult executionId="c4af2275-16ad-4a1e-b907-f3bf87ce7f31" testId="19074d93-ae85-cada-5799-e2c8a2c8421c" testName="ChangeCardSynCodeTest_CheckSynCodeIsNegativeException" computerName="DELL" testType="13cdc9d9-ddb5-4fa4-a97d-d965ccfc6d4b" outcome="NotExecuted" testListId="8c84fa94-04c1-424b-9868-57a2d4851a1d" relativeResultsDirectory="c4af2275-16ad-4a1e-b907-f3bf87ce7f31">
    </UnitTestResult>
    <UnitTestResult executionId="95d2b0f5-a581-4ac0-bd5c-cb0ce0442b83" testId="209afb1e-649d-c295-b4ea-1e028f1cca87" testName="AddMailContactToCardTest" computerName="DELL" testType="13cdc9d9-ddb5-4fa4-a97d-d965ccfc6d4b" outcome="NotExecuted" testListId="8c84fa94-04c1-424b-9868-57a2d4851a1d" relativeResultsDirectory="95d2b0f5-a581-4ac0-bd5c-cb0ce0442b83">
    </UnitTestResult>
    <UnitTestResult executionId="df8616ba-0efe-4fea-89f6-28845797f735" testId="28a841fd-6a6d-7b86-2117-e2777e7633c6" testName="GetIdByCardTest" computerName="DELL" testType="13cdc9d9-ddb5-4fa4-a97d-d965ccfc6d4b" outcome="NotExecuted" testListId="8c84fa94-04c1-424b-9868-57a2d4851a1d" relativeResultsDirectory="df8616ba-0efe-4fea-89f6-28845797f735">
    </UnitTestResult>
    <UnitTestResult executionId="a6b1c564-6d73-46a3-ae1f-4c7657849848" testId="29c6250f-b6cf-4d68-153d-6d3df6695a0e" testName="ToXmlTest" computerName="DELL" testType="13cdc9d9-ddb5-4fa4-a97d-d965ccfc6d4b" outcome="NotExecuted" testListId="8c84fa94-04c1-424b-9868-57a2d4851a1d" relativeResultsDirectory="a6b1c564-6d73-46a3-ae1f-4c7657849848">
    </UnitTestResult>
    <UnitTestResult executionId="d6d82ae6-de32-4483-8782-7e6cd7be512d" testId="2ef7844d-340b-4036-2692-f9e6b47ceec5" testName="AddTelephoneContactToCardTest" computerName="DELL" testType="13cdc9d9-ddb5-4fa4-a97d-d965ccfc6d4b" outcome="NotExecuted" testListId="8c84fa94-04c1-424b-9868-57a2d4851a1d" relativeResultsDirectory="d6d82ae6-de32-4483-8782-7e6cd7be512d">
    </UnitTestResult>
    <UnitTestResult executionId="ff1d6e59-a874-4a89-950e-5a236e0a154c" testId="3c3d88f7-73e4-7d94-267a-40d72833f51f" testName="MailConstructorTest" computerName="DELL" testType="13cdc9d9-ddb5-4fa4-a97d-d965ccfc6d4b" outcome="NotExecuted" testListId="8c84fa94-04c1-424b-9868-57a2d4851a1d" relativeResultsDirectory="ff1d6e59-a874-4a89-950e-5a236e0a154c">
    </UnitTestResult>
    <UnitTestResult executionId="8338c2c8-c20d-4c57-ad82-928d195ae653" testId="4f132f1b-a465-c6fc-b527-fbe83d7a915a" testName="CompareToTest" computerName="DELL" testType="13cdc9d9-ddb5-4fa4-a97d-d965ccfc6d4b" outcome="NotExecuted" testListId="8c84fa94-04c1-424b-9868-57a2d4851a1d" relativeResultsDirectory="8338c2c8-c20d-4c57-ad82-928d195ae653">
    </UnitTestResult>
    <UnitTestResult executionId="4ecb7fb9-a516-44ea-bf0e-cf9c995c0d51" testId="529a11b0-e73c-df97-6882-34db669d66d0" testName="CardConstructorTest_CheckSynCodeIsNegativeException" computerName="DELL" testType="13cdc9d9-ddb5-4fa4-a97d-d965ccfc6d4b" outcome="NotExecuted" testListId="8c84fa94-04c1-424b-9868-57a2d4851a1d" relativeResultsDirectory="4ecb7fb9-a516-44ea-bf0e-cf9c995c0d51">
    </UnitTestResult>
    <UnitTestResult executionId="c6d49689-5535-4640-98cf-e1ec85f4fe9d" testId="5493fc41-1c33-f4a7-4664-27f588b206f2" testName="CardConstructorTest_CheckSynCodeIsZeroException" computerName="DELL" testType="13cdc9d9-ddb5-4fa4-a97d-d965ccfc6d4b" outcome="NotExecuted" testListId="8c84fa94-04c1-424b-9868-57a2d4851a1d" relativeResultsDirectory="c6d49689-5535-4640-98cf-e1ec85f4fe9d">
    </UnitTestResult>
    <UnitTestResult executionId="bca1e80f-b842-4eca-bbb1-3fcccaaea0c6" testId="646b689b-9ab6-1480-5951-b68877edaba9" testName="ZoneCodeTest" computerName="DELL" testType="13cdc9d9-ddb5-4fa4-a97d-d965ccfc6d4b" outcome="NotExecuted" testListId="8c84fa94-04c1-424b-9868-57a2d4851a1d" relativeResultsDirectory="bca1e80f-b842-4eca-bbb1-3fcccaaea0c6">
    </UnitTestResult>
    <UnitTestResult executionId="43003e9d-bb1d-4e52-aba1-769a1b0404d5" testId="6cdb6060-4471-555b-a876-66f0907f57ec" testName="mailTest" computerName="DELL" testType="13cdc9d9-ddb5-4fa4-a97d-d965ccfc6d4b" outcome="NotExecuted" testListId="8c84fa94-04c1-424b-9868-57a2d4851a1d" relativeResultsDirectory="43003e9d-bb1d-4e52-aba1-769a1b0404d5">
    </UnitTestResult>
    <UnitTestResult executionId="e0443fde-ca88-415a-8143-ac2b327fd678" testId="8cbb983b-4c66-5027-a4c7-4c4426f2d1d0" testName="CompareToTest" computerName="DELL" testType="13cdc9d9-ddb5-4fa4-a97d-d965ccfc6d4b" outcome="NotExecuted" testListId="8c84fa94-04c1-424b-9868-57a2d4851a1d" relativeResultsDirectory="e0443fde-ca88-415a-8143-ac2b327fd678">
    </UnitTestResult>
    <UnitTestResult executionId="52bfa9f5-4b2e-4232-a773-c0cd53bdb667" testId="9783d49a-4dee-7cba-5d48-12a02eed8012" testName="CardConstructorTest" computerName="DELL" testType="13cdc9d9-ddb5-4fa4-a97d-d965ccfc6d4b" outcome="NotExecuted" testListId="8c84fa94-04c1-424b-9868-57a2d4851a1d" relativeResultsDirectory="52bfa9f5-4b2e-4232-a773-c0cd53bdb667">
    </UnitTestResult>
    <UnitTestResult executionId="ff3b6a6f-c114-4c24-b49a-6e262b4412a9" testId="9c504600-96cf-f16b-08e3-921d3b83f3ee" testName="ToXmlTest" computerName="DELL" testType="13cdc9d9-ddb5-4fa4-a97d-d965ccfc6d4b" outcome="NotExecuted" testListId="8c84fa94-04c1-424b-9868-57a2d4851a1d" relativeResultsDirectory="ff3b6a6f-c114-4c24-b49a-6e262b4412a9">
    </UnitTestResult>
    <UnitTestResult executionId="bc4d4526-a00f-48ea-9c2f-6f46440fc4ab" testId="aa8c2d19-253f-c02b-2e44-942bffdbc258" testName="ChangeCardSynCodeTest" computerName="DELL" testType="13cdc9d9-ddb5-4fa4-a97d-d965ccfc6d4b" outcome="NotExecuted" testListId="8c84fa94-04c1-424b-9868-57a2d4851a1d" relativeResultsDirectory="bc4d4526-a00f-48ea-9c2f-6f46440fc4ab">
    </UnitTestResult>
    <UnitTestResult executionId="02dff568-f210-43d2-9920-629fad39fe3a" testId="abdbe6a4-fef8-75ed-9b7d-8c59f925758d" testName="TelephoneContactConstructorTest" computerName="DELL" testType="13cdc9d9-ddb5-4fa4-a97d-d965ccfc6d4b" outcome="NotExecuted" testListId="8c84fa94-04c1-424b-9868-57a2d4851a1d" relativeResultsDirectory="02dff568-f210-43d2-9920-629fad39fe3a">
    </UnitTestResult>
    <UnitTestResult executionId="4807aa9f-ed4a-4d61-8cc5-4806e7c0a938" testId="adbd554c-1ab7-4ecb-d6fe-51ee5d2695eb" testName="ToStringTest" computerName="DELL" testType="13cdc9d9-ddb5-4fa4-a97d-d965ccfc6d4b" outcome="NotExecuted" testListId="8c84fa94-04c1-424b-9868-57a2d4851a1d" relativeResultsDirectory="4807aa9f-ed4a-4d61-8cc5-4806e7c0a938">
    </UnitTestResult>
    <UnitTestResult executionId="e175e6a9-ab96-4fb1-8b23-90c531b9ed88" testId="ae673e3c-53d5-97ec-6965-e23b6710e1ff" testName="GenerateCardIdTest" computerName="DELL" testType="13cdc9d9-ddb5-4fa4-a97d-d965ccfc6d4b" outcome="NotExecuted" testListId="8c84fa94-04c1-424b-9868-57a2d4851a1d" relativeResultsDirectory="e175e6a9-ab96-4fb1-8b23-90c531b9ed88">
    </UnitTestResult>
    <UnitTestResult executionId="5457bebd-22fe-4db5-998e-0bc13e9dd03c" testId="af91e490-672f-c1c4-4e48-a1cce844c442" testName="CardConstructorTest1" computerName="DELL" testType="13cdc9d9-ddb5-4fa4-a97d-d965ccfc6d4b" outcome="NotExecuted" testListId="8c84fa94-04c1-424b-9868-57a2d4851a1d" relativeResultsDirectory="5457bebd-22fe-4db5-998e-0bc13e9dd03c">
    </UnitTestResult>
    <UnitTestResult executionId="0bd27e88-c97f-420d-80e3-5de907b33c06" testId="b1307c0c-4ede-56f8-0a33-79c23a6d1c7e" testName="CompareToTest" computerName="DELL" testType="13cdc9d9-ddb5-4fa4-a97d-d965ccfc6d4b" outcome="NotExecuted" testListId="8c84fa94-04c1-424b-9868-57a2d4851a1d" relativeResultsDirectory="0bd27e88-c97f-420d-80e3-5de907b33c06">
    </UnitTestResult>
    <UnitTestResult executionId="91fc9f5c-7436-4143-af2d-f7c8751aa7db" testId="b2b67615-458f-083a-6284-f0b0f21a9276" testName="ToXmlTest" computerName="DELL" testType="13cdc9d9-ddb5-4fa4-a97d-d965ccfc6d4b" outcome="NotExecuted" testListId="8c84fa94-04c1-424b-9868-57a2d4851a1d" relativeResultsDirectory="91fc9f5c-7436-4143-af2d-f7c8751aa7db">
    </UnitTestResult>
    <UnitTestResult executionId="7caa73fd-7656-41e8-a820-2e1472748473" testId="b3aced41-42bc-a370-b416-aea49c419ea1" testName="GetProjectNameTest" computerName="DELL" testType="13cdc9d9-ddb5-4fa4-a97d-d965ccfc6d4b" outcome="NotExecuted" testListId="8c84fa94-04c1-424b-9868-57a2d4851a1d" relativeResultsDirectory="7caa73fd-7656-41e8-a820-2e1472748473">
    </UnitTestResult>
    <UnitTestResult executionId="2c36b20e-f2ac-4bd1-ab07-49e781479906" testId="b4a80ccf-c579-4df5-ab24-56af44cae2bb" testName="CloneTest" computerName="DELL" testType="13cdc9d9-ddb5-4fa4-a97d-d965ccfc6d4b" outcome="NotExecuted" testListId="8c84fa94-04c1-424b-9868-57a2d4851a1d" relativeResultsDirectory="2c36b20e-f2ac-4bd1-ab07-49e781479906">
    </UnitTestResult>
    <UnitTestResult executionId="4bd57740-2069-4692-b715-8c1f7f8dc630" testId="bb9dd28b-c4c3-c7d7-57b9-f57164bc92e2" testName="ChangeCardNameTest_CheckNameEmptyException" computerName="DELL" testType="13cdc9d9-ddb5-4fa4-a97d-d965ccfc6d4b" outcome="NotExecuted" testListId="8c84fa94-04c1-424b-9868-57a2d4851a1d" relativeResultsDirectory="4bd57740-2069-4692-b715-8c1f7f8dc630">
    </UnitTestResult>
    <UnitTestResult executionId="866de2f9-ca29-493a-8682-711871ded26a" testId="cb35465e-f65e-c08d-4301-04b728801d65" testName="CardConstructorTest_CheckNameEmptyException" computerName="DELL" testType="13cdc9d9-ddb5-4fa4-a97d-d965ccfc6d4b" outcome="NotExecuted" testListId="8c84fa94-04c1-424b-9868-57a2d4851a1d" relativeResultsDirectory="866de2f9-ca29-493a-8682-711871ded26a">
    </UnitTestResult>
    <UnitTestResult executionId="62206aff-eb5b-4339-8367-3b47fd1d0092" testId="dac65389-413c-ed53-9a9b-90898f461cd3" testName="ChangeCardNameTest" computerName="DELL" testType="13cdc9d9-ddb5-4fa4-a97d-d965ccfc6d4b" outcome="NotExecuted" testListId="8c84fa94-04c1-424b-9868-57a2d4851a1d" relativeResultsDirectory="62206aff-eb5b-4339-8367-3b47fd1d0092">
    </UnitTestResult>
    <UnitTestResult executionId="5a6a0ea5-ce6e-471a-ab44-ff8ff28571a7" testId="dfd0ef85-908a-c826-bb07-b9eeaba81ceb" testName="ChangeCardSynCodeTest_CheckSynCodeIsZeroException" computerName="DELL" testType="13cdc9d9-ddb5-4fa4-a97d-d965ccfc6d4b" outcome="NotExecuted" testListId="8c84fa94-04c1-424b-9868-57a2d4851a1d" relativeResultsDirectory="5a6a0ea5-ce6e-471a-ab44-ff8ff28571a7">
    </UnitTestResult>
    <UnitTestResult executionId="9dab116e-abdb-4385-85fd-a32967fc598e" testId="f20412a0-6696-ad3a-87c9-c2928186c749" testName="ToStringTest" computerName="DELL" testType="13cdc9d9-ddb5-4fa4-a97d-d965ccfc6d4b" outcome="NotExecuted" testListId="8c84fa94-04c1-424b-9868-57a2d4851a1d" relativeResultsDirectory="9dab116e-abdb-4385-85fd-a32967fc598e">
    </UnitTestResult>
    <UnitTestResult executionId="74ba0d79-a0dd-4dc2-ad70-0bf14560e184" testId="f7e20a1c-0bec-b371-ae2d-827540d3b83f" testName="GetNameByCardTest" computerName="DELL" testType="13cdc9d9-ddb5-4fa4-a97d-d965ccfc6d4b" outcome="NotExecuted" testListId="8c84fa94-04c1-424b-9868-57a2d4851a1d" relativeResultsDirectory="74ba0d79-a0dd-4dc2-ad70-0bf14560e184">
    </UnitTestResult>
  </Results>
</TestRun>